[-1.43462812 -1.41753542 -1.35815342 -1.41763967 -1.43634395 -1.29810919
 -1.32294697 -1.34836879 -1.45212219 -1.32554649 -1.29356797 -1.41482005
 -1.32305307 -1.41724231 -1.43616762 -1.4177479  -1.3586763  -1.45932038
 -1.32217742 -1.3784232  -1.44308028 -1.46291927 -1.29351129 -1.44988095
 -1.44852622 -1.29975516 -1.45542859 -1.43629448 -1.41817695 -1.31661274
 -1.41365845 -1.36102168 -1.31523107 -1.3836795  -1.3879193  -1.34177367
 -1.33749128 -1.277613   -1.45448202 -1.43636456 -1.33823938 -1.35758386
 -1.3789235  -1.42067346 -1.45981446 -1.2953613  -1.42434858 -1.40454413
 -1.29496681 -1.27780776 -1.30499016]
