[-0.47370804 -0.24441603 -0.24441603 -0.13981455 -0.25111238 -0.16429083
 -0.2132434  -0.20654705 -0.31784488 -0.07077293 -0.00842767 -0.01512402
  0.04722125 -0.27558866 -0.27558866 -0.21993975 -0.28228501 -0.1331182
 -0.18207077 -0.17537442 -0.28667225 -0.10194557  0.07169753 -0.04629665
 -0.05968935  0.08947747  0.0271322   0.14512638  0.30537678  0.21855523
  0.2809005   0.17629901  0.23864428  0.26312056  0.37441839  0.38111474
  0.43006731  0.51688886  0.05830483 -0.05968935  0.11395375  0.3610257
  0.42337096  0.25642421  0.09617381  0.29429319  0.23194793  0.28759685
  0.34994211  0.37441839  0.54806149]
