[-0.4578511  -0.31097052 -0.06706945 -0.1181935  -0.17880987 -0.13300206
 -0.30734812 -0.21857885 -0.0531351   0.00961668  0.16882058  0.03956262
  0.19660312 -0.36707958 -0.18123234 -0.1141875  -0.29058615 -0.09442382
 -0.31996751 -0.25901725 -0.07071645 -0.01621694  0.1380689  -0.01673105
  0.05471776 -0.10863687  0.00323145 -0.16684994  0.02142849  0.07336643
  0.23277571  0.29832564  0.14728613  0.24173298  0.18525067  0.08134208
  0.24022379  0.37063668  0.01900449  0.09411546 -0.08664111  0.12158511
  0.15784658  0.2779585   0.32940389  0.29281398  0.3442417   0.19222754
  0.07449155  0.38552457  0.51725955]
